Test run for D:\Projects\coding-agent-automation\tests\KiroWebUI.Pipeline.UnitTests\bin\Debug\net10.0\KiroWebUI.Pipeline.UnitTests.dll (.NETCoreApp,Version=v10.0)
Test run for D:\Projects\coding-agent-automation\tests\KiroWebUI.UnitTests\bin\Debug\net10.0\KiroWebUI.UnitTests.dll (.NETCoreApp,Version=v10.0)
Test run for D:\Projects\coding-agent-automation\tests\KiroWebUI.Infrastructure.UnitTests\bin\Debug\net10.0\KiroWebUI.Infrastructure.UnitTests.dll (.NETCoreApp,Version=v10.0)
Test run for D:\Projects\coding-agent-automation\tests\KiroWebUI.IntegrationTests\bin\Debug\net10.0\KiroWebUI.IntegrationTests.dll (.NETCoreApp,Version=v10.0)
A total of 1 test files matched the specified pattern.
A total of 1 test files matched the specified pattern.
A total of 1 test files matched the specified pattern.
A total of 1 test files matched the specified pattern.

Passed!  - Failed:     0, Passed:    73, Skipped:     0, Total:    73, Duration: 415 ms - KiroWebUI.UnitTests.dll (net10.0)

Passed!  - Failed:     0, Passed:   230, Skipped:     0, Total:   230, Duration: 7 s - KiroWebUI.Infrastructure.UnitTests.dll (net10.0)

Passed!  - Failed:     0, Passed:   100, Skipped:     0, Total:   100, Duration: 23 s - KiroWebUI.IntegrationTests.dll (net10.0)

Passed!  - Failed:     0, Passed:   229, Skipped:     0, Total:   229, Duration: 48 s - KiroWebUI.Pipeline.UnitTests.dll (net10.0)

Attachments:
  D:\Projects\coding-agent-automation\tests\KiroWebUI.Infrastructure.UnitTests\TestResults\ce29aeb3-1c88-41ed-ae27-bdffd1ad8a3b\coverage.cobertura.xml
  D:\Projects\coding-agent-automation\tests\KiroWebUI.IntegrationTests\TestResults\07d609cc-d8e3-4568-aa26-cc794f3803e2\coverage.cobertura.xml
  D:\Projects\coding-agent-automation\tests\KiroWebUI.Pipeline.UnitTests\TestResults\4a90a8fc-a936-4552-b770-c9b0f6a2664b\coverage.cobertura.xml
  D:\Projects\coding-agent-automation\tests\KiroWebUI.UnitTests\TestResults\78b2399e-4eaa-4d30-b4e6-cfc886beb498\coverage.cobertura.xml
